
[1m[46m RUN [49m[22m [36mv4.0.18 [39m[90mC:/Users/yingjungchen/Downloads/Secure-Enterprise-Browser-Agentic-System[39m

 [31mΓ¥»[39m tests/unit/orchestrator/task-planner-keywords.test.ts [2m([22m[2m0 test[22m[2m)[22m
 [31mΓ¥»[39m tests/unit/security/auth-delegation-kv.test.ts [2m([22m[2m0 test[22m[2m)[22m
 [31mΓ¥»[39m tests/unit/fabric-client-enabled.test.ts [2m([22m[2m0 test[22m[2m)[22m
 [31mΓ¥»[39m tests/unit/security/audit-logger-cosmos.test.ts [2m([22m[2m0 test[22m[2m)[22m
 [31mΓ¥»[39m tests/unit/graph-client-full.test.ts [2m([22m[2m0 test[22m[2m)[22m
 [31mΓ¥»[39m tests/unit/graph-client-integration.test.ts [2m([22m[2m0 test[22m[2m)[22m
node.exe : [90mstderr[2m | tests/unit/security/auth-delegation-full.test.ts[2m > 
[22m[2mAuthDelegation[2m > [22m[2mcreates without Key Vault when KEY_VAULT_URL 
is not set
At line:1 char:1
+ & "C:\Program Files\nodejs/node.exe" "C:\Program Files\nodejs/node_mo ...
+ ~~~~~~~~~~~~~~~~~~~~~~~~~~~~~~~~~~~~~~~~~~~~~~~~~~~~~~~~~~~~~~~~~~~~~
    + CategoryInfo          : NotSpecified: ([90mstderr[2m..._URL is not set:Strin 
   g) [], RemoteException
    + FullyQualifiedErrorId : NativeCommandError
 
[22m[39m[vitest] The vi.fn() mock did not use 'function' or 'class' in its 
implementation, see https://vitest.dev/api/vi#vi-spyon for examples.

[90mstderr[2m | tests/unit/security/auth-delegation-full.test.ts[2m > 
[22m[2mAuthDelegation[2m > [22m[2mcheckReadiness returns skipped without Key 
Vault
[22m[39m[vitest] The vi.fn() mock did not use 'function' or 'class' in its 
implementation, see https://vitest.dev/api/vi#vi-spyon for examples.

[90mstderr[2m | tests/unit/security/auth-delegation-full.test.ts[2m > 
[22m[2mAuthDelegation[2m > [22m[2mgetDelegatedToken acquires token via 
DefaultAzureCredential
[22m[39m[vitest] The vi.fn() mock did not use 'function' or 'class' in its 
implementation, see https://vitest.dev/api/vi#vi-spyon for examples.

[90mstderr[2m | tests/unit/security/auth-delegation-full.test.ts[2m > 
[22m[2mAuthDelegation[2m > [22m[2mgetDelegatedToken for Graph skills uses Graph 
scope
[22m[39m[vitest] The vi.fn() mock did not use 'function' or 'class' in its 
implementation, see https://vitest.dev/api/vi#vi-spyon for examples.

[90mstderr[2m | tests/unit/security/auth-delegation-full.test.ts[2m > 
[22m[2mAuthDelegation[2m > [22m[2mgetDelegatedToken for calendar uses Graph 
scope
[22m[39m[vitest] The vi.fn() mock did not use 'function' or 'class' in its 
implementation, see https://vitest.dev/api/vi#vi-spyon for examples.

[90mstderr[2m | tests/unit/security/auth-delegation-full.test.ts[2m > 
[22m[2mAuthDelegation[2m > [22m[2mgetDelegatedToken for different skill 
categories
[22m[39m[vitest] The vi.fn() mock did not use 'function' or 'class' in its 
implementation, see https://vitest.dev/api/vi#vi-spyon for examples.

 [31mΓ¥»[39m tests/unit/security/auth-delegation-full.test.ts [2m([22m[2m6 tests[22m[2m | [22m[31m6 failed[39m[2m)[22m[32m 7[2mms[22m[39m
[31m     [31m├ù[31m creates without Key Vault when KEY_VAULT_URL is not set[39m[32m 4[2mms[22m[39m
[31m     [31m├ù[31m checkReadiness returns skipped without Key Vault[39m[32m 1[2mms[22m[39m
[31m     [31m├ù[31m getDelegatedToken acquires token via DefaultAzureCredential[39m[32m 0[2mms[22m[39m
[31m     [31m├ù[31m getDelegatedToken for Graph skills uses Graph scope[39m[32m 0[2mms[22m[39m
[31m     [31m├ù[31m getDelegatedToken for calendar uses Graph scope[39m[32m 0[2mms[22m[39m
[31m     [31m├ù[31m getDelegatedToken for different skill categories[39m[32m 0[2mms[22m[39m
[90mstderr[2m | tests/unit/foundry-agent-lifecycle.test.ts
[22m[39m[vitest] The vi.fn() mock did not use 'function' or 'class' in its 
implementation, see https://vitest.dev/api/vi#vi-spyon for examples.

 [31mΓ¥»[39m tests/unit/foundry-agent-lifecycle.test.ts [2m([22m[2m0 test[22m[2m)[22m
[90mstderr[2m | tests/unit/security/security-gate-execute.test.ts[2m > 
[22m[2mSecurityGate.executeWithSecurity[2m > [22m[2mallows execution for 
allowed URL and read skill
[22m[39m[vitest] The vi.fn() mock did not use 'function' or 'class' in its 
implementation, see https://vitest.dev/api/vi#vi-spyon for examples.

[90mstderr[2m | tests/unit/security/security-gate-execute.test.ts[2m > 
[22m[2mSecurityGate.executeWithSecurity[2m > [22m[2mblocks disallowed URL
[22m[39m[vitest] The vi.fn() mock did not use 'function' or 'class' in its 
implementation, see https://vitest.dev/api/vi#vi-spyon for examples.

[90mstderr[2m | tests/unit/security/security-gate-execute.test.ts[2m > 
[22m[2mSecurityGate.executeWithSecurity[2m > [22m[2mallows execution without 
URL param
[22m[39m[vitest] The vi.fn() mock did not use 'function' or 'class' in its 
implementation, see https://vitest.dev/api/vi#vi-spyon for examples.

[90mstderr[2m | tests/unit/security/security-gate-execute.test.ts[2m > 
[22m[2mSecurityGate.executeWithSecurity[2m > [22m[2mpasses delegated token to 
handler
[22m[39m[vitest] The vi.fn() mock did not use 'function' or 'class' in its 
implementation, see https://vitest.dev/api/vi#vi-spyon for examples.

[90mstderr[2m | tests/unit/security/security-gate-execute.test.ts[2m > 
[22m[2mSecurityGate.executeWithSecurity[2m > [22m[2mreturns result path from 
handler
[22m[39m[vitest] The vi.fn() mock did not use 'function' or 'class' in its 
implementation, see https://vitest.dev/api/vi#vi-spyon for examples.

 [31mΓ¥»[39m tests/unit/security/security-gate-execute.test.ts [2m([22m[2m5 tests[22m[2m | [22m[31m5 failed[39m[2m)[22m[32m 5[2mms[22m[39m
[31m     [31m├ù[31m allows execution for allowed URL and read skill[39m[32m 3[2mms[22m[39m
[31m     [31m├ù[31m blocks disallowed URL[39m[32m 0[2mms[22m[39m
[31m     [31m├ù[31m allows execution without URL param[39m[32m 0[2mms[22m[39m
[31m     [31m├ù[31m passes delegated token to handler[39m[32m 0[2mms[22m[39m
[31m     [31m├ù[31m returns result path from handler[39m[32m 0[2mms[22m[39m
 [31mΓ¥»[39m tests/unit/agui-handler-full.test.ts [2m([22m[2m0 test[22m[2m)[22m
 [31mΓ¥»[39m tests/unit/security/content-safety-full.test.ts [2m([22m[2m0 test[22m[2m)[22m
 [31mΓ¥»[39m tests/unit/security/security-gate-full.test.ts [2m([22m[2m0 test[22m[2m)[22m
 [31mΓ¥»[39m tests/unit/security/content-safety-service.test.ts [2m([22m[2m0 test[22m[2m)[22m
 [32mΓ£ô[39m tests/unit/skills/compare-data-full.test.ts [2m([22m[2m8 tests[22m[2m)[22m[32m 25[2mms[22m[39m
 [32mΓ£ô[39m tests/unit/browser/browser-pool.test.ts [2m([22m[2m7 tests[22m[2m)[22m[32m 104[2mms[22m[39m
 [32mΓ£ô[39m tests/unit/skills/skill-handlers.test.ts [2m([22m[2m24 tests[22m[2m)[22m[32m 74[2mms[22m[39m
 [32mΓ£ô[39m tests/unit/skills/graph-skills.test.ts [2m([22m[2m10 tests[22m[2m)[22m[32m 55[2mms[22m[39m
 [32mΓ£ô[39m tests/unit/browser/session-manager.test.ts [2m([22m[2m7 tests[22m[2m)[22m[32m 15[2mms[22m[39m
[90mstderr[2m | tests/unit/foundry-agent-full.test.ts
[22m[39m[vitest] The vi.fn() mock did not use 'function' or 'class' in its 
implementation, see https://vitest.dev/api/vi#vi-spyon for examples.

 [31mΓ¥»[39m tests/unit/foundry-agent-full.test.ts [2m([22m[2m0 test[22m[2m)[22m
 [32mΓ£ô[39m tests/unit/security/approval-gate.test.ts [2m([22m[2m1 test[22m[2m)[22m[32m 4[2mms[22m[39m
[90mstdout[2m | tests/unit/fabric-analytics.test.ts[2m > [22m[2mAnalyticsPipeline[2m > [22m[2mconstructor accepts FabricClient directly
[22m[39m{"level":"info","message":"fabric-analytics-pipeline-stopped","timestamp":"2026-03-04T08:54:16.920Z"}

[90mstdout[2m | tests/unit/fabric-analytics.test.ts[2m > [22m[2mAnalyticsPipeline[2m > [22m[2mingestAuditEvent adds to both buffers
[22m[39m{"level":"info","message":"fabric-analytics-pipeline-stopped","timestamp":"2026-03-04T08:54:16.923Z"}

[90mstdout[2m | tests/unit/fabric-analytics.test.ts[2m > [22m[2mAnalyticsPipeline[2m > [22m[2mflush empties buffers (disabled client returns 0)
[22m[39m{"level":"info","message":"fabric-analytics-pipeline-stopped","timestamp":"2026-03-04T08:54:16.924Z"}

[90mstdout[2m | tests/unit/fabric-analytics.test.ts[2m > [22m[2mAnalyticsPipeline[2m > [22m[2mflush returns zeros for empty buffers
[22m[39m{"level":"info","message":"fabric-analytics-pipeline-stopped","timestamp":"2026-03-04T08:54:16.924Z"}

[90mstdout[2m | tests/unit/fabric-analytics.test.ts[2m > [22m[2mAnalyticsPipeline[2m > [22m[2mgetBufferSize reports correct counts
[22m[39m{"level":"info","message":"fabric-analytics-pipeline-stopped","timestamp":"2026-03-04T08:54:16.925Z"}

[90mstdout[2m | tests/unit/fabric-analytics.test.ts[2m > [22m[2mAnalyticsPipeline[2m > [22m[2mstart is idempotent
[22m[39m{"flushIntervalMs":60000,"level":"info","message":"fabric-analytics-pipeline-started","timestamp":"2026-03-04T08:54:16.925Z"}

[90mstdout[2m | tests/unit/fabric-analytics.test.ts[2m > [22m[2mAnalyticsPipeline[2m > [22m[2mstart is idempotent
[22m[39m{"level":"info","message":"fabric-analytics-pipeline-stopped","timestamp":"2026-03-04T08:54:16.925Z"}

[90mstdout[2m | tests/unit/fabric-analytics.test.ts[2m > [22m[2mAnalyticsPipeline[2m > [22m[2mstop clears timer and flushes
[22m[39m{"flushIntervalMs":60000,"level":"info","message":"fabric-analytics-pipeline-started","timestamp":"2026-03-04T08:54:16.926Z"}

[90mstdout[2m | tests/unit/fabric-analytics.test.ts[2m > [22m[2mAnalyticsPipeline[2m > [22m[2mstop clears timer and flushes
[22m[39m{"level":"info","message":"fabric-analytics-pipeline-stopped","timestamp":"2026-03-04T08:54:16.926Z"}

[90mstdout[2m | tests/unit/fabric-analytics.test.ts[2m > [22m[2mAnalyticsPipeline[2m > [22m[2mstop clears timer and flushes
[22m[39m{"level":"info","message":"fabric-analytics-pipeline-stopped","timestamp":"2026-03-04T08:54:16.926Z"}

[90mstdout[2m | tests/unit/fabric-analytics.test.ts[2m > [22m[2mAnalyticsPipeline[2m > [22m[2mtriggerAnalytics returns null when disabled
[22m[39m{"level":"info","message":"fabric-analytics-pipeline-stopped","timestamp":"2026-03-04T08:54:16.926Z"}

[90mstdout[2m | tests/unit/fabric-analytics.test.ts[2m > [22m[2mAnalyticsPipeline[2m > [22m[2mgetSkillPerformance returns empty when disabled
[22m[39m{"level":"info","message":"fabric-analytics-pipeline-stopped","timestamp":"2026-03-04T08:54:16.927Z"}

[90mstdout[2m | tests/unit/fabric-analytics.test.ts[2m > [22m[2mAnalyticsPipeline[2m > [22m[2mderives skill metric from audit entry
[22m[39m{"level":"info","message":"fabric-analytics-pipeline-stopped","timestamp":"2026-03-04T08:54:16.927Z"}

[90mstdout[2m | tests/unit/fabric-analytics.test.ts[2m > [22m[2mAnalyticsPipeline[2m > [22m[2merror entries set success to false in metrics
[22m[39m{"level":"info","message":"fabric-analytics-pipeline-stopped","timestamp":"2026-03-04T08:54:16.928Z"}

 [32mΓ£ô[39m tests/unit/fabric-analytics.test.ts [2m([22m[2m11 tests[22m[2m)[22m[32m 14[2mms[22m[39m
[90mstdout[2m | tests/unit/api/dual-path-router.test.ts[2m > [22m[2mDualPathRouter[2m > [22m[2mreturns a valid route decision
[22m[39m{"level":"info","message":"dual-path-decision","path":"dom","reason":"No API schema discovered","timestamp":"2026-03-04T08:54:16.980Z","url":"https://example.com"}

[90mstdout[2m | tests/unit/api/dual-path-router.test.ts[2m > [22m[2mDualPathRouter[2m > [22m[2mreturns dom path when no API schema found
[22m[39m{"level":"info","message":"dual-path-decision","path":"dom","reason":"No API schema discovered","timestamp":"2026-03-04T08:54:17.027Z","url":"https://no-api.example.com"}

 [32mΓ£ô[39m tests/unit/api/dual-path-router.test.ts [2m([22m[2m3 tests[22m[2m)[22m[33m 632[2mms[22m[39m
     [33m[2mΓ£ô[22m[39m returns a valid route decision [33m 587[2mms[22m[39m
[90mstdout[2m | tests/unit/fabric-workiq.test.ts[2m > [22m[2mWorkIQConnector[2m > [22m[2mrecordProductivityEvent does not throw when disabled
[22m[39m{"level":"info","message":"workiq-event-recorded","metricType":"time_saved","timestamp":"2026-03-04T08:54:17.054Z","value":30}

[90mstdout[2m | tests/unit/fabric-workiq.test.ts[2m > [22m[2mWorkIQConnector[2m > [22m[2mrecordWorkflowCompletion returns metrics
[22m[39m{"level":"info","message":"workiq-event-recorded","metricType":"workflow_completed","timestamp":"2026-03-04T08:54:17.055Z","value":13}

[90mstdout[2m | tests/unit/fabric-workiq.test.ts[2m > [22m[2mWorkIQConnector[2m > [22m[2mrecordWorkflowCompletion for failed workflow
[22m[39m{"level":"info","message":"workiq-event-recorded","metricType":"workflow_completed","timestamp":"2026-03-04T08:54:17.056Z","value":55}

 [32mΓ£ô[39m tests/unit/fabric-workiq.test.ts [2m([22m[2m12 tests[22m[2m)[22m[32m 6[2mms[22m[39m
 [32mΓ£ô[39m tests/unit/security/auth-delegation.test.ts [2m([22m[2m2 tests[22m[2m)[22m[32m 6[2mms[22m[39m
[90mstdout[2m | tests/unit/security/audit-logger.test.ts[2m > [22m[2mAuditLogger[2m > [22m[2mstores log entries in memory when Cosmos is not configured
[22m[39m{"action":"navigate","approvalRequired":false,"approved":true,"durationMs":42,"id":"23b51bf7-f065-4b1a-93f4-6356b62e6899","level":"info","message":"audit","params":{"url":"https://example.com"},"path":"dom","result":{"success":true},"sessionId":"s1","skillName":"navigate_page","timestamp":"2026-03-04T08:54:17.146Z","userId":"u1"}

[90mstdout[2m | tests/unit/security/audit-logger.test.ts[2m > [22m[2mAuditLogger[2m > [22m[2mlog entries include optional correlation fields
[22m[39m{"action":"fill","approvalRequired":true,"approved":false,"conversationId":"conv-xyz","deniedReason":"User rejected","durationMs":10,"errorCode":"APPROVAL_DENIED","id":"7d2d8f1b-5a68-48d3-b43d-298b280dd683","level":"info","message":"audit","params":{},"path":"dom","requestId":"req-abc","result":{"success":false},"sessionId":"s2","skillName":"fill_form","timestamp":"2026-03-04T08:54:17.149Z","userId":"u2"}

 [32mΓ£ô[39m tests/unit/security/audit-logger.test.ts [2m([22m[2m3 tests[22m[2m)[22m[32m 5[2mms[22m[39m
[90mstdout[2m | tests/integration/security-flows/security-gate.test.ts[2m > [22m[2mSecurityGate observability[2m > [22m[2maudits allowlist-denied action with structured error code
[22m[39m{"action":"navigate_page","approvalRequired":false,"approved":true,"conversationId":"conv-456","deniedReason":"URL blocked by allowlist","durationMs":0,"errorCode":"URL_NOT_ALLOWED","id":"0996de07-189a-4b62-9202-30222c7d7186","level":"info","message":"audit","params":{"url":"https://example.com/blocked"},"path":"dom","requestId":"req-123","result":{"error":"URL blocked by allowlist","success":false,"url":"https://example.com/blocked"},"sessionId":"s1","skillName":"navigate_page","timestamp":"2026-03-04T08:54:17.165Z","userId":"u1"}

 [32mΓ£ô[39m tests/integration/security-flows/security-gate.test.ts [2m([22m[2m1 test[22m[2m)[22m[32m 8[2mms[22m[39m
 [32mΓ£ô[39m tests/unit/fabric-client.test.ts [2m([22m[2m9 tests[22m[2m)[22m[32m 11[2mms[22m[39m
 [32mΓ£ô[39m tests/unit/graph-client.test.ts [2m([22m[2m11 tests[22m[2m)[22m[32m 4[2mms[22m[39m
 [32mΓ£ô[39m tests/unit/browser/element-selector.test.ts [2m([22m[2m4 tests[22m[2m)[22m[32m 3[2mms[22m[39m
 [32mΓ£ô[39m tests/unit/skills/orchestrate-workflow.test.ts [2m([22m[2m10 tests[22m[2m)[22m[32m 4[2mms[22m[39m
 [32mΓ£ô[39m tests/unit/browser/dom-parser.test.ts [2m([22m[2m1 test[22m[2m)[22m[32m 3[2mms[22m[39m
 [32mΓ£ô[39m tests/unit/graph-adaptive-card.test.ts [2m([22m[2m6 tests[22m[2m)[22m[32m 3[2mms[22m[39m
 [32mΓ£ô[39m tests/unit/security/security-gate.test.ts [2m([22m[2m4 tests[22m[2m)[22m[32m 7[2mms[22m[39m
 [32mΓ£ô[39m tests/unit/config.test.ts [2m([22m[2m16 tests[22m[2m)[22m[32m 3[2mms[22m[39m
 [32mΓ£ô[39m tests/unit/api/connectors.test.ts [2m([22m[2m10 tests[22m[2m)[22m[33m 1699[2mms[22m[39m
 [32mΓ£ô[39m tests/integration/security-flows/approval-gate.test.ts [2m([22m[2m1 test[22m[2m)[22m[32m 3[2mms[22m[39m
 [32mΓ£ô[39m tests/unit/security/errors.test.ts [2m([22m[2m6 tests[22m[2m)[22m[32m 3[2mms[22m[39m
 [32mΓ£ô[39m tests/unit/api/schema-discovery.test.ts [2m([22m[2m2 tests[22m[2m)[22m[32m 2[2mms[22m[39m
 [32mΓ£ô[39m tests/unit/api/response-normalizer.test.ts [2m([22m[2m6 tests[22m[2m)[22m[32m 2[2mms[22m[39m
 [32mΓ£ô[39m tests/unit/security/content-safety.test.ts [2m([22m[2m7 tests[22m[2m)[22m[32m 3[2mms[22m[39m
 [32mΓ£ô[39m tests/unit/orchestrator/tool-router.test.ts [2m([22m[2m3 tests[22m[2m)[22m[32m 2[2mms[22m[39m
[90mstdout[2m | tests/integration/workflows/cross-skill-chain.test.ts[2m > [22m[2mCross-skill workflow chain[2m > [22m[2mnavigate ΓåÆ extract chain records security-blocked step and stops
[22m[39m{"action":"navigate_page","approvalRequired":false,"approved":true,"deniedReason":"URL blocked by allowlist","durationMs":0,"errorCode":"URL_NOT_ALLOWED","id":"7415d8f4-4a6f-4011-9ad6-c71ddea343b7","level":"info","message":"audit","params":{"url":"https://example.com"},"path":"dom","result":{"error":"URL blocked by allowlist","success":false,"url":"https://example.com"},"sessionId":"s1","skillName":"navigate_page","timestamp":"2026-03-04T08:54:18.142Z","userId":"u1"}

[90mstdout[2m | tests/integration/workflows/cross-skill-chain.test.ts[2m > [22m[2mCross-skill workflow chain[2m > [22m[2mfill form step records failure when approval times out
[22m[39m{"action":"fill_form","approvalRequired":true,"approved":false,"deniedReason":"URL blocked by allowlist","durationMs":0,"errorCode":"URL_NOT_ALLOWED","id":"345b02a0-4711-44e5-86fc-8563ab2f9c65","level":"info","message":"audit","params":{"fields":{"name":"Test"},"url":"https://blocked.example.com"},"path":"dom","result":{"error":"URL blocked by allowlist","success":false,"url":"https://blocked.example.com"},"sessionId":"s1","skillName":"fill_form","timestamp":"2026-03-04T08:54:18.146Z","userId":"u1"}

[90mstdout[2m | tests/integration/workflows/cross-skill-chain.test.ts[2m > [22m[2mCross-skill workflow chain[2m > [22m[2mmixed chain stops at first failed step and records it
[22m[39m{"action":"navigate_page","approvalRequired":false,"approved":true,"deniedReason":"URL blocked by allowlist","durationMs":0,"errorCode":"URL_NOT_ALLOWED","id":"6c3527df-fbce-4d8f-939a-d846b81d7faa","level":"info","message":"audit","params":{"url":"https://example.com"},"path":"dom","result":{"error":"URL blocked by allowlist","success":false,"url":"https://example.com"},"sessionId":"s1","skillName":"navigate_page","timestamp":"2026-03-04T08:54:18.147Z","userId":"u1"}

 [32mΓ£ô[39m tests/integration/workflows/cross-skill-chain.test.ts [2m([22m[2m4 tests[22m[2m)[22m[32m 7[2mms[22m[39m
 [32mΓ£ô[39m tests/unit/security/url-allowlist.test.ts [2m([22m[2m4 tests[22m[2m)[22m[32m 2[2mms[22m[39m
 [32mΓ£ô[39m tests/unit/orchestrator/memory-store.test.ts [2m([22m[2m4 tests[22m[2m)[22m[32m 3[2mms[22m[39m
 [32mΓ£ô[39m tests/unit/orchestrator/task-planner.test.ts [2m([22m[2m11 tests[22m[2m)[22m[32m 4[2mms[22m[39m
 [32mΓ£ô[39m tests/unit/foundry-agent.test.ts [2m([22m[2m15 tests[22m[2m)[22m[32m 5[2mms[22m[39m
 [32mΓ£ô[39m tests/unit/skills/registry.test.ts [2m([22m[2m2 tests[22m[2m)[22m[32m 2[2mms[22m[39m
 [32mΓ£ô[39m tests/integration/workflows/orchestrate-workflow.test.ts [2m([22m[2m3 tests[22m[2m)[22m[32m 2[2mms[22m[39m
 [32mΓ£ô[39m tests/unit/skills/compare-data.test.ts [2m([22m[2m5 tests[22m[2m)[22m[32m 2[2mms[22m[39m
 [32mΓ£ô[39m tests/e2e/smoke.test.ts [2m([22m[2m3 tests[22m[2m)[22m[32m 2[2mms[22m[39m
 [32mΓ£ô[39m tests/unit/runtime.test.ts [2m([22m[2m8 tests[22m[2m)[22m[32m 2[2mms[22m[39m
 [32mΓ£ô[39m tests/unit/agui-handler.test.ts [2m([22m[2m3 tests[22m[2m)[22m[32m 2[2mms[22m[39m

[31mΓÄ»ΓÄ»ΓÄ»ΓÄ»ΓÄ»ΓÄ»[39m[1m[41m Failed Suites 12 
[49m[22m[31mΓÄ»ΓÄ»ΓÄ»ΓÄ»ΓÄ»ΓÄ»[39m

[41m[1m FAIL [22m[49m tests/unit/agui-handler-full.test.ts[2m [ 
tests/unit/agui-handler-full.test.ts ][22m
[31m[1mError[22m: [vitest] There was an error when mocking a module. If you are 
using "vi.mock" factory, make sure there are no top level variables inside, since 
this call is hoisted to top of the file. Read more: 
https://vitest.dev/api/vi.html#vi-mock[39m
[36m [2mΓ¥»[22m src/agui-handler.ts:[2m22:1[22m[39m
    [90m 20| [39m[35mimport[39m { randomUUID } [35mfrom[39m 
[32m"node:crypto"[39m[33m;[39m
    [90m 21| [39m[35mimport[39m { createLogger[33m,[39m format[33m,[39m 
transports } [35mfrom[39m [32m"winston"[39m[33m;[39m
    [90m 22| [39mimport { executeToolCall, getFoundryAgent, createThread } from 
"./founΓÇª
    [90m   | [39m[31m^[39m
    [90m 23| [39m[35mimport[39m type { [33mSkillExecutionContext[39m } 
[35mfrom[39m [32m"./types/skills.js"[39m[33m;[39m
    [90m 24| [39m

[31m[1mCaused by: ReferenceError[22m: Cannot access 'mockFoundryClient' before 
initialization[39m
[36m [2mΓ¥»[22m tests/unit/agui-handler-full.test.ts:[2m31:13[22m[39m

[31m[2mΓÄ»ΓÄ»ΓÄ»ΓÄ»ΓÄ»ΓÄ»ΓÄ»ΓÄ»ΓÄ»ΓÄ»ΓÄ»ΓÄ»ΓÄ»ΓÄ»ΓÄ»ΓÄ»ΓÄ»ΓÄ»ΓÄ»ΓÄ»ΓÄ»ΓÄ»ΓÄ»[1/23]Γ
Ä»[22m[39m

[41m[1m FAIL [22m[49m tests/unit/fabric-client-enabled.test.ts[2m [ 
tests/unit/fabric-client-enabled.test.ts ][22m
[31m[1mError[22m: [vitest] There was an error when mocking a module. If you are 
using "vi.mock" factory, make sure there are no top level variables inside, since 
this call is hoisted to top of the file. Read more: 
https://vitest.dev/api/vi.html#vi-mock[39m
[36m [2mΓ¥»[22m src/fabric-client.ts:[2m17:1[22m[39m
    [90m 15| [39m
    [90m 16| [39mimport { DefaultAzureCredential, type TokenCredential } from 
"@azure/iΓÇª
    [90m 17| [39m[35mimport[39m axios[33m,[39m { type [33mAxiosInstance[39m 
} [35mfrom[39m [32m"axios"[39m[33m;[39m
    [90m   | [39m[31m^[39m
    [90m 18| [39m[35mimport[39m { createLogger[33m,[39m format[33m,[39m 
transports } [35mfrom[39m [32m"winston"[39m[33m;[39m
    [90m 19| [39m[35mimport[39m { config } [35mfrom[39m 
[32m"./config.js"[39m[33m;[39m

[31m[1mCaused by: ReferenceError[22m: Cannot access 'mockAxiosInstance' before 
initialization[39m
[36m [2mΓ¥»[22m tests/unit/fabric-client-enabled.test.ts:[2m21:37[22m[39m

[31m[2mΓÄ»ΓÄ»ΓÄ»ΓÄ»ΓÄ»ΓÄ»ΓÄ»ΓÄ»ΓÄ»ΓÄ»ΓÄ»ΓÄ»ΓÄ»ΓÄ»ΓÄ»ΓÄ»ΓÄ»ΓÄ»ΓÄ»ΓÄ»ΓÄ»ΓÄ»ΓÄ»[2/23]Γ
Ä»[22m[39m

[41m[1m FAIL [22m[49m tests/unit/foundry-agent-full.test.ts[2m [ 
tests/unit/foundry-agent-full.test.ts ][22m
[31m[1mTypeError[22m: () => ({
    run: __vite_ssr_import_0__.vi.fn().mockResolvedValue({
      skill: "navigate_page",
      success...<omitted>...}) is not a constructor[39m
[36m [2mΓ¥»[22m src/foundry-agent.ts:[2m26:20[22m[39m
    [90m 24| [39m})[33m;[39m
    [90m 25| [39m
    [90m 26| [39m[35mconst[39m toolRouter [33m=[39m [35mnew[39m 
[33mToolRouter[39m()[33m;[39m
    [90m   | [39m                   [31m^[39m
    [90m 27| [39m
    [90m 28| [39m// 
-------------------------------------------------------------------ΓÇª
[90m [2mΓ¥»[22m tests/unit/foundry-agent-full.test.ts:[2m2:1[22m[39m

[31m[2mΓÄ»ΓÄ»ΓÄ»ΓÄ»ΓÄ»ΓÄ»ΓÄ»ΓÄ»ΓÄ»ΓÄ»ΓÄ»ΓÄ»ΓÄ»ΓÄ»ΓÄ»ΓÄ»ΓÄ»ΓÄ»ΓÄ»ΓÄ»ΓÄ»ΓÄ»ΓÄ»[3/23]Γ
Ä»[22m[39m

[41m[1m FAIL [22m[49m tests/unit/foundry-agent-lifecycle.test.ts[2m [ 
tests/unit/foundry-agent-lifecycle.test.ts ][22m
[31m[1mTypeError[22m: () => ({
    run: __vite_ssr_import_0__.vi.fn().mockResolvedValue({ success: true, data: 
"mocked" })
  }) is not a constructor[39m
[36m [2mΓ¥»[22m src/foundry-agent.ts:[2m26:20[22m[39m
    [90m 24| [39m})[33m;[39m
    [90m 25| [39m
    [90m 26| [39m[35mconst[39m toolRouter [33m=[39m [35mnew[39m 
[33mToolRouter[39m()[33m;[39m
    [90m   | [39m                   [31m^[39m
    [90m 27| [39m
    [90m 28| [39m// 
-------------------------------------------------------------------ΓÇª
[90m [2mΓ¥»[22m tests/unit/foundry-agent-lifecycle.test.ts:[2m44:1[22m[39m

[31m[2mΓÄ»ΓÄ»ΓÄ»ΓÄ»ΓÄ»ΓÄ»ΓÄ»ΓÄ»ΓÄ»ΓÄ»ΓÄ»ΓÄ»ΓÄ»ΓÄ»ΓÄ»ΓÄ»ΓÄ»ΓÄ»ΓÄ»ΓÄ»ΓÄ»ΓÄ»ΓÄ»[4/23]Γ
Ä»[22m[39m

[41m[1m FAIL [22m[49m tests/unit/graph-client-full.test.ts[2m [ 
tests/unit/graph-client-full.test.ts ][22m
[41m[1m FAIL [22m[49m tests/unit/graph-client-integration.test.ts[2m [ 
tests/unit/graph-client-integration.test.ts ][22m
[31m[1mError[22m: [vitest] There was an error when mocking a module. If you are 
using "vi.mock" factory, make sure there are no top level variables inside, since 
this call is hoisted to top of the file. Read more: 
https://vitest.dev/api/vi.html#vi-mock[39m
[36m [2mΓ¥»[22m src/graph/client.ts:[2m2:1[22m[39m
    [90m  1| [39m[35mimport[39m { [33mDefaultAzureCredential[39m } 
[35mfrom[39m [32m"@azure/identity"[39m[33m;[39m
    [90m  2| [39m[35mimport[39m { [33mClient[39m } [35mfrom[39m 
[32m"@microsoft/microsoft-graph-client"[39m[33m;[39m
    [90m   | [39m[31m^[39m
    [90m  3| [39m[35mimport[39m type { [33mSkillExecutionContext[39m } 
[35mfrom[39m [32m"../types/skills.js"[39m[33m;[39m
    [90m  4| [39m[35mimport[39m { config } [35mfrom[39m 
[32m"../config.js"[39m[33m;[39m

[31m[1mCaused by: ReferenceError[22m: Cannot access 'mockApi' before 
initialization[39m
[36m [2mΓ¥»[22m tests/unit/graph-client-full.test.ts:[2m22:66[22m[39m

[31m[2mΓÄ»ΓÄ»ΓÄ»ΓÄ»ΓÄ»ΓÄ»ΓÄ»ΓÄ»ΓÄ»ΓÄ»ΓÄ»ΓÄ»ΓÄ»ΓÄ»ΓÄ»ΓÄ»ΓÄ»ΓÄ»ΓÄ»ΓÄ»ΓÄ»ΓÄ»ΓÄ»[5/23]Γ
Ä»[22m[39m

[41m[1m FAIL [22m[49m tests/unit/orchestrator/task-planner-keywords.test.ts[2m 
[ tests/unit/orchestrator/task-planner-keywords.test.ts ][22m
[31m[1mError[22m: Cannot find module '/tests/src/orchestrator/task-planner.js' 
imported from 'C:/Users/yingjungchen/Downloads/Secure-Enterprise-Browser-Agentic-Syst
em/tests/unit/orchestrator/task-planner-keywords.test.ts'[39m
[36m [2mΓ¥»[22m 
tests/unit/orchestrator/task-planner-keywords.test.ts:[2m17:1[22m[39m
    [90m 15| [39m}))[33m;[39m
    [90m 16| [39m
    [90m 17| [39m[35mimport[39m { [33mTaskPlanner[39m } [35mfrom[39m 
[32m"../../src/orchestrator/task-planner.js"[39m[33m;[39m
    [90m   | [39m[31m^[39m
    [90m 18| [39m
    [90m 19| [39m[34mdescribe[39m([32m"TaskPlanner keyword 
planning"[39m[33m,[39m () [33m=>[39m {

[31m[2mΓÄ»ΓÄ»ΓÄ»ΓÄ»ΓÄ»ΓÄ»ΓÄ»ΓÄ»ΓÄ»ΓÄ»ΓÄ»ΓÄ»ΓÄ»ΓÄ»ΓÄ»ΓÄ»ΓÄ»ΓÄ»ΓÄ»ΓÄ»ΓÄ»ΓÄ»ΓÄ»[6/23]Γ
Ä»[22m[39m

[41m[1m FAIL [22m[49m tests/unit/security/audit-logger-cosmos.test.ts[2m [ 
tests/unit/security/audit-logger-cosmos.test.ts ][22m
[31m[1mError[22m: Cannot find module '/tests/src/security/audit-logger.js' 
imported from 'C:/Users/yingjungchen/Downloads/Secure-Enterprise-Browser-Agentic-Syst
em/tests/unit/security/audit-logger-cosmos.test.ts'[39m
[36m [2mΓ¥»[22m tests/unit/security/audit-logger-cosmos.test.ts:[2m35:1[22m[39m
    [90m 33| [39m}))[33m;[39m
    [90m 34| [39m
    [90m 35| [39m[35mimport[39m { [33mAuditLogger[39m } [35mfrom[39m 
[32m"../../src/security/audit-logger.js"[39m[33m;[39m
    [90m   | [39m[31m^[39m
    [90m 36| [39m
    [90m 37| [39m[34mdescribe[39m([32m"AuditLogger with Cosmos 
DB"[39m[33m,[39m () [33m=>[39m {

[31m[2mΓÄ»ΓÄ»ΓÄ»ΓÄ»ΓÄ»ΓÄ»ΓÄ»ΓÄ»ΓÄ»ΓÄ»ΓÄ»ΓÄ»ΓÄ»ΓÄ»ΓÄ»ΓÄ»ΓÄ»ΓÄ»ΓÄ»ΓÄ»ΓÄ»ΓÄ»ΓÄ»[7/23]Γ
Ä»[22m[39m

[41m[1m FAIL [22m[49m tests/unit/security/auth-delegation-kv.test.ts[2m [ 
tests/unit/security/auth-delegation-kv.test.ts ][22m
[31m[1mError[22m: Cannot find module '/tests/src/security/auth-delegation.js' 
imported from 'C:/Users/yingjungchen/Downloads/Secure-Enterprise-Browser-Agentic-Syst
em/tests/unit/security/auth-delegation-kv.test.ts'[39m
[36m [2mΓ¥»[22m tests/unit/security/auth-delegation-kv.test.ts:[2m37:1[22m[39m
    [90m 35| [39m}))[33m;[39m
    [90m 36| [39m
    [90m 37| [39m[35mimport[39m { [33mAuthDelegation[39m } [35mfrom[39m 
[32m"../../src/security/auth-delegation.js"[39m[33m;[39m
    [90m   | [39m[31m^[39m
    [90m 38| [39m
    [90m 39| [39m[34mdescribe[39m([32m"AuthDelegation with Key 
Vault"[39m[33m,[39m () [33m=>[39m {

[31m[2mΓÄ»ΓÄ»ΓÄ»ΓÄ»ΓÄ»ΓÄ»ΓÄ»ΓÄ»ΓÄ»ΓÄ»ΓÄ»ΓÄ»ΓÄ»ΓÄ»ΓÄ»ΓÄ»ΓÄ»ΓÄ»ΓÄ»ΓÄ»ΓÄ»ΓÄ»ΓÄ»[8/23]Γ
Ä»[22m[39m

[41m[1m FAIL [22m[49m tests/unit/security/content-safety-full.test.ts[2m [ 
tests/unit/security/content-safety-full.test.ts ][22m
[31m[1mError[22m: Cannot find module '/tests/src/security/content-safety.js' 
imported from 'C:/Users/yingjungchen/Downloads/Secure-Enterprise-Browser-Agentic-Syst
em/tests/unit/security/content-safety-full.test.ts'[39m
[36m [2mΓ¥»[22m tests/unit/security/content-safety-full.test.ts:[2m25:1[22m[39m
    [90m 23| [39m}))[33m;[39m
    [90m 24| [39m
    [90m 25| [39mimport { ContentSafetyGuard } from 
"../../src/security/content-safety.ΓÇª
    [90m   | [39m[31m^[39m
    [90m 26| [39m
    [90m 27| [39m[34mdescribe[39m([32m"ContentSafetyGuard fallback 
evaluation"[39m[33m,[39m () [33m=>[39m {

[31m[2mΓÄ»ΓÄ»ΓÄ»ΓÄ»ΓÄ»ΓÄ»ΓÄ»ΓÄ»ΓÄ»ΓÄ»ΓÄ»ΓÄ»ΓÄ»ΓÄ»ΓÄ»ΓÄ»ΓÄ»ΓÄ»ΓÄ»ΓÄ»ΓÄ»ΓÄ»ΓÄ»[9/23]Γ
Ä»[22m[39m

[41m[1m FAIL [22m[49m tests/unit/security/content-safety-service.test.ts[2m [ 
tests/unit/security/content-safety-service.test.ts ][22m
[31m[1mError[22m: Cannot find module '/tests/src/security/content-safety.js' 
imported from 'C:/Users/yingjungchen/Downloads/Secure-Enterprise-Browser-Agentic-Syst
em/tests/unit/security/content-safety-service.test.ts'[39m
[36m [2mΓ¥»[22m 
tests/unit/security/content-safety-service.test.ts:[2m35:1[22m[39m
    [90m 33| [39m}))[33m;[39m
    [90m 34| [39m
    [90m 35| [39mimport { ContentSafetyGuard } from 
"../../src/security/content-safety.ΓÇª
    [90m   | [39m[31m^[39m
    [90m 36| [39m
    [90m 37| [39m[34mdescribe[39m([32m"ContentSafetyGuard with Azure 
service"[39m[33m,[39m () [33m=>[39m {

[31m[2mΓÄ»ΓÄ»ΓÄ»ΓÄ»ΓÄ»ΓÄ»ΓÄ»ΓÄ»ΓÄ»ΓÄ»ΓÄ»ΓÄ»ΓÄ»ΓÄ»ΓÄ»ΓÄ»ΓÄ»ΓÄ»ΓÄ»ΓÄ»ΓÄ»ΓÄ»[10/23]ΓÄ»
[22m[39m

[41m[1m FAIL [22m[49m tests/unit/security/security-gate-full.test.ts[2m [ 
tests/unit/security/security-gate-full.test.ts ][22m
[31m[1mError[22m: Cannot find module '/tests/src/security/index.js' imported from 
'C:/Users/yingjungchen/Downloads/Secure-Enterprise-Browser-Agentic-System/tests/unit/
security/security-gate-full.test.ts'[39m
[36m [2mΓ¥»[22m tests/unit/security/security-gate-full.test.ts:[2m27:1[22m[39m
    [90m 25| [39m}))[33m;[39m
    [90m 26| [39m
    [90m 27| [39m[35mimport[39m { [33mSecurityGate[39m } [35mfrom[39m 
[32m"../../src/security/index.js"[39m[33m;[39m
    [90m   | [39m[31m^[39m
    [90m 28| [39m[35mimport[39m { [33mSecurityError[39m } [35mfrom[39m 
[32m"../../src/security/errors.js"[39m[33m;[39m
    [90m 29| [39m

[31m[2mΓÄ»ΓÄ»ΓÄ»ΓÄ»ΓÄ»ΓÄ»ΓÄ»ΓÄ»ΓÄ»ΓÄ»ΓÄ»ΓÄ»ΓÄ»ΓÄ»ΓÄ»ΓÄ»ΓÄ»ΓÄ»ΓÄ»ΓÄ»ΓÄ»ΓÄ»[11/23]ΓÄ»
[22m[39m


[31mΓÄ»ΓÄ»ΓÄ»ΓÄ»ΓÄ»ΓÄ»[39m[1m[41m Failed Tests 11 
[49m[22m[31mΓÄ»ΓÄ»ΓÄ»ΓÄ»ΓÄ»ΓÄ»ΓÄ»[39m

[41m[1m FAIL [22m[49m tests/unit/security/auth-delegation-full.test.ts[2m > 
[22mAuthDelegation[2m > [22mcreates without Key Vault when KEY_VAULT_URL is not 
set
[31m[1mTypeError[22m: () => ({
    getToken: __vite_ssr_import_0__.vi.fn().mockResolvedValue({ token: 
"mock-azure-token" })
  }) is not a constructor[39m
[36m [2mΓ¥»[22m AuthDelegation.<instance_members_initializer> 
src/security/auth-delegation.ts:[2m22:33[22m[39m
    [90m 20| [39m
    [90m 21| [39m[35mexport[39m [35mclass[39m [33mAuthDelegation[39m {
    [90m 22| [39m  [35mprivate[39m readonly credential [33m=[39m [35mnew[39m 
[33mDefaultAzureCredential[39m()[33m;[39m
    [90m   | [39m                                [31m^[39m
    [90m 23| [39m  [35mprivate[39m readonly keyVaultClient[33m?[39m[33m:[39m 
[33mSecretClient[39m[33m;[39m
    [90m 24| [39m
[90m [2mΓ¥»[22m new AuthDelegation 
src/security/auth-delegation.ts:[2m25:10[22m[39m
[90m [2mΓ¥»[22m 
tests/unit/security/auth-delegation-full.test.ts:[2m19:18[22m[39m

[31m[2mΓÄ»ΓÄ»ΓÄ»ΓÄ»ΓÄ»ΓÄ»ΓÄ»ΓÄ»ΓÄ»ΓÄ»ΓÄ»ΓÄ»ΓÄ»ΓÄ»ΓÄ»ΓÄ»ΓÄ»ΓÄ»ΓÄ»ΓÄ»ΓÄ»ΓÄ»[12/23]ΓÄ»
[22m[39m

[41m[1m FAIL [22m[49m tests/unit/security/auth-delegation-full.test.ts[2m > 
[22mAuthDelegation[2m > [22mcheckReadiness returns skipped without Key Vault
[31m[1mTypeError[22m: () => ({
    getToken: __vite_ssr_import_0__.vi.fn().mockResolvedValue({ token: 
"mock-azure-token" })
  }) is not a constructor[39m
[36m [2mΓ¥»[22m AuthDelegation.<instance_members_initializer> 
src/security/auth-delegation.ts:[2m22:33[22m[39m
    [90m 20| [39m
    [90m 21| [39m[35mexport[39m [35mclass[39m [33mAuthDelegation[39m {
    [90m 22| [39m  [35mprivate[39m readonly credential [33m=[39m [35mnew[39m 
[33mDefaultAzureCredential[39m()[33m;[39m
    [90m   | [39m                                [31m^[39m
    [90m 23| [39m  [35mprivate[39m readonly keyVaultClient[33m?[39m[33m:[39m 
[33mSecretClient[39m[33m;[39m
    [90m 24| [39m
[90m [2mΓ¥»[22m new AuthDelegation 
src/security/auth-delegation.ts:[2m25:10[22m[39m
[90m [2mΓ¥»[22m 
tests/unit/security/auth-delegation-full.test.ts:[2m24:18[22m[39m

[31m[2mΓÄ»ΓÄ»ΓÄ»ΓÄ»ΓÄ»ΓÄ»ΓÄ»ΓÄ»ΓÄ»ΓÄ»ΓÄ»ΓÄ»ΓÄ»ΓÄ»ΓÄ»ΓÄ»ΓÄ»ΓÄ»ΓÄ»ΓÄ»ΓÄ»ΓÄ»[13/23]ΓÄ»
[22m[39m

[41m[1m FAIL [22m[49m tests/unit/security/auth-delegation-full.test.ts[2m > 
[22mAuthDelegation[2m > [22mgetDelegatedToken acquires token via 
DefaultAzureCredential
[31m[1mTypeError[22m: () => ({
    getToken: __vite_ssr_import_0__.vi.fn().mockResolvedValue({ token: 
"mock-azure-token" })
  }) is not a constructor[39m
[36m [2mΓ¥»[22m AuthDelegation.<instance_members_initializer> 
src/security/auth-delegation.ts:[2m22:33[22m[39m
    [90m 20| [39m
    [90m 21| [39m[35mexport[39m [35mclass[39m [33mAuthDelegation[39m {
    [90m 22| [39m  [35mprivate[39m readonly credential [33m=[39m [35mnew[39m 
[33mDefaultAzureCredential[39m()[33m;[39m
    [90m   | [39m                                [31m^[39m
    [90m 23| [39m  [35mprivate[39m readonly keyVaultClient[33m?[39m[33m:[39m 
[33mSecretClient[39m[33m;[39m
    [90m 24| [39m
[90m [2mΓ¥»[22m new AuthDelegation 
src/security/auth-delegation.ts:[2m25:10[22m[39m
[90m [2mΓ¥»[22m 
tests/unit/security/auth-delegation-full.test.ts:[2m30:18[22m[39m

[31m[2mΓÄ»ΓÄ»ΓÄ»ΓÄ»ΓÄ»ΓÄ»ΓÄ»ΓÄ»ΓÄ»ΓÄ»ΓÄ»ΓÄ»ΓÄ»ΓÄ»ΓÄ»ΓÄ»ΓÄ»ΓÄ»ΓÄ»ΓÄ»ΓÄ»ΓÄ»[14/23]ΓÄ»
[22m[39m

[41m[1m FAIL [22m[49m tests/unit/security/auth-delegation-full.test.ts[2m > 
[22mAuthDelegation[2m > [22mgetDelegatedToken for Graph skills uses Graph scope
[31m[1mTypeError[22m: () => ({
    getToken: __vite_ssr_import_0__.vi.fn().mockResolvedValue({ token: 
"mock-azure-token" })
  }) is not a constructor[39m
[36m [2mΓ¥»[22m AuthDelegation.<instance_members_initializer> 
src/security/auth-delegation.ts:[2m22:33[22m[39m
    [90m 20| [39m
    [90m 21| [39m[35mexport[39m [35mclass[39m [33mAuthDelegation[39m {
    [90m 22| [39m  [35mprivate[39m readonly credential [33m=[39m [35mnew[39m 
[33mDefaultAzureCredential[39m()[33m;[39m
    [90m   | [39m                                [31m^[39m
    [90m 23| [39m  [35mprivate[39m readonly keyVaultClient[33m?[39m[33m:[39m 
[33mSecretClient[39m[33m;[39m
    [90m 24| [39m
[90m [2mΓ¥»[22m new AuthDelegation 
src/security/auth-delegation.ts:[2m25:10[22m[39m
[90m [2mΓ¥»[22m 
tests/unit/security/auth-delegation-full.test.ts:[2m36:18[22m[39m

[31m[2mΓÄ»ΓÄ»ΓÄ»ΓÄ»ΓÄ»ΓÄ»ΓÄ»ΓÄ»ΓÄ»ΓÄ»ΓÄ»ΓÄ»ΓÄ»ΓÄ»ΓÄ»ΓÄ»ΓÄ»ΓÄ»ΓÄ»ΓÄ»ΓÄ»ΓÄ»[15/23]ΓÄ»
[22m[39m

[41m[1m FAIL [22m[49m tests/unit/security/auth-delegation-full.test.ts[2m > 
[22mAuthDelegation[2m > [22mgetDelegatedToken for calendar uses Graph scope
[31m[1mTypeError[22m: () => ({
    getToken: __vite_ssr_import_0__.vi.fn().mockResolvedValue({ token: 
"mock-azure-token" })
  }) is not a constructor[39m
[36m [2mΓ¥»[22m AuthDelegation.<instance_members_initializer> 
src/security/auth-delegation.ts:[2m22:33[22m[39m
    [90m 20| [39m
    [90m 21| [39m[35mexport[39m [35mclass[39m [33mAuthDelegation[39m {
    [90m 22| [39m  [35mprivate[39m readonly credential [33m=[39m [35mnew[39m 
[33mDefaultAzureCredential[39m()[33m;[39m
    [90m   | [39m                                [31m^[39m
    [90m 23| [39m  [35mprivate[39m readonly keyVaultClient[33m?[39m[33m:[39m 
[33mSecretClient[39m[33m;[39m
    [90m 24| [39m
[90m [2mΓ¥»[22m new AuthDelegation 
src/security/auth-delegation.ts:[2m25:10[22m[39m
[90m [2mΓ¥»[22m 
tests/unit/security/auth-delegation-full.test.ts:[2m42:18[22m[39m

[31m[2mΓÄ»ΓÄ»ΓÄ»ΓÄ»ΓÄ»ΓÄ»ΓÄ»ΓÄ»ΓÄ»ΓÄ»ΓÄ»ΓÄ»ΓÄ»ΓÄ»ΓÄ»ΓÄ»ΓÄ»ΓÄ»ΓÄ»ΓÄ»ΓÄ»ΓÄ»[16/23]ΓÄ»
[22m[39m

[41m[1m FAIL [22m[49m tests/unit/security/auth-delegation-full.test.ts[2m > 
[22mAuthDelegation[2m > [22mgetDelegatedToken for different skill categories
[31m[1mTypeError[22m: () => ({
    getToken: __vite_ssr_import_0__.vi.fn().mockResolvedValue({ token: 
"mock-azure-token" })
  }) is not a constructor[39m
[36m [2mΓ¥»[22m AuthDelegation.<instance_members_initializer> 
src/security/auth-delegation.ts:[2m22:33[22m[39m
    [90m 20| [39m
    [90m 21| [39m[35mexport[39m [35mclass[39m [33mAuthDelegation[39m {
    [90m 22| [39m  [35mprivate[39m readonly credential [33m=[39m [35mnew[39m 
[33mDefaultAzureCredential[39m()[33m;[39m
    [90m   | [39m                                [31m^[39m
    [90m 23| [39m  [35mprivate[39m readonly keyVaultClient[33m?[39m[33m:[39m 
[33mSecretClient[39m[33m;[39m
    [90m 24| [39m
[90m [2mΓ¥»[22m new AuthDelegation 
src/security/auth-delegation.ts:[2m25:10[22m[39m
[90m [2mΓ¥»[22m 
tests/unit/security/auth-delegation-full.test.ts:[2m48:18[22m[39m

[31m[2mΓÄ»ΓÄ»ΓÄ»ΓÄ»ΓÄ»ΓÄ»ΓÄ»ΓÄ»ΓÄ»ΓÄ»ΓÄ»ΓÄ»ΓÄ»ΓÄ»ΓÄ»ΓÄ»ΓÄ»ΓÄ»ΓÄ»ΓÄ»ΓÄ»ΓÄ»[17/23]ΓÄ»
[22m[39m

[41m[1m FAIL [22m[49m tests/unit/security/security-gate-execute.test.ts[2m > 
[22mSecurityGate.executeWithSecurity[2m > [22mallows execution for allowed URL 
and read skill
[41m[1m FAIL [22m[49m tests/unit/security/security-gate-execute.test.ts[2m > 
[22mSecurityGate.executeWithSecurity[2m > [22mblocks disallowed URL
[41m[1m FAIL [22m[49m tests/unit/security/security-gate-execute.test.ts[2m > 
[22mSecurityGate.executeWithSecurity[2m > [22mallows execution without URL param
[41m[1m FAIL [22m[49m tests/unit/security/security-gate-execute.test.ts[2m > 
[22mSecurityGate.executeWithSecurity[2m > [22mpasses delegated token to handler
[41m[1m FAIL [22m[49m tests/unit/security/security-gate-execute.test.ts[2m > 
[22mSecurityGate.executeWithSecurity[2m > [22mreturns result path from handler
[31m[1mTypeError[22m: () => ({
    getDelegatedToken: __vite_ssr_import_0__.vi.fn().mockResolvedValue("mock-token"),
    checkReadine...<omitted>...}) is not a constructor[39m
[36m [2mΓ¥»[22m SecurityGate.<instance_members_initializer> 
src/security/index.ts:[2m12:27[22m[39m
    [90m 10| [39m[35mexport[39m [35mclass[39m [33mSecurityGate[39m {
    [90m 11| [39m  [35mprivate[39m readonly allowlist[33m:[39m 
[33mUrlAllowlist[39m[33m;[39m
    [90m 12| [39m  [35mprivate[39m readonly auth [33m=[39m [35mnew[39m 
[33mAuthDelegation[39m()[33m;[39m
    [90m   | [39m                          [31m^[39m
    [90m 13| [39m  [35mprivate[39m readonly approval [33m=[39m [35mnew[39m 
[33mApprovalGate[39m()[33m;[39m
    [90m 14| [39m  [35mprivate[39m readonly audit [33m=[39m [35mnew[39m 
[33mAuditLogger[39m()[33m;[39m

[90m [2mΓ¥»[22m new SecurityGate src/security/index.ts:[2m17:10[22m[39m
[90m [2mΓ¥»[22m 
tests/unit/security/security-gate-execute.test.ts:[2m37:12[22m[39m

[31m[2mΓÄ»ΓÄ»ΓÄ»ΓÄ»ΓÄ»ΓÄ»ΓÄ»ΓÄ»ΓÄ»ΓÄ»ΓÄ»ΓÄ»ΓÄ»ΓÄ»ΓÄ»ΓÄ»ΓÄ»ΓÄ»ΓÄ»ΓÄ»ΓÄ»ΓÄ»[18/23]ΓÄ»
[22m[39m

[2m Test Files [22m [1m[31m14 failed[39m[22m[2m | [22m[1m[32m38 passed[39m[22m[90m (52)[39m
[2m      Tests [22m [1m[31m11 failed[39m[22m[2m | [22m[1m[32m247 passed[39m[22m[90m (258)[39m
[2m   Start at [22m 00:54:15
[2m   Duration [22m 4.84s[2m (transform 1.64s, setup 0ms, import 24.05s, tests 2.75s, environment 5ms)[22m

